Invalid type in assignation of Identifier a... was expecting bool but got num