Array type listreal is incompatible with declared variable of type num...