Array type listnum is incompatible with declared variable of type bool...