Array type listbool is incompatible with declared variable of type num...