if b == 1 goto _L3
goto _L2
_L3
if c == 1 goto _L1
goto _L2
_L1
a = 1
goto _L0
_L2
a = 0
_L0
