_L1
if 1 >= a goto _L2
goto _L0
_L2
a = 42
_L3
_t1 = 1 / 3
_t0 = _t1 + 5
b = _t0
goto _L1
_L0
