if b == 1 goto _L1
goto _L0
_L1
if c == 1 goto _L2
goto _L0
_L2
a = 42
_L0
