goto _L1
_L2
a = 0
goto _L0
_L3
a = 1
goto _L0
_L4
a = 2
goto _L0
_L5
a = 3
goto _L0
_L1
if b == 0 goto _L2
if b == 1 goto _L3
if b == c goto _L4
goto _L5
_L0
