goto _L2
_L4
goto _L3
_L2
a = 1
goto _L1
_L3
a = 0
_L1
goto _L5
_L7
goto _L5
_L5
b = 1
goto _L0
_L6
b = 0
_L0
