a = d
_L1
_L3
if c == 1 goto _L2
goto _L4
_L4
_t0 = a + 42
a = _t0
_L5
_t2 = 1 / 3
_t1 = _t2 + 5
b = _t1
goto _L3
_L2
b = a
_L0
