a = 42
_L1
if b == 1 goto _L3
goto _L4
_L3
_t0 = a + 100
a = _t0
goto _L2
_L4
_t1 = a - 100
a = _t1
_L2
_t2 = 1 + 2
c = _t2
_L0
