b = 42
_L1
goto _L3
_L4
a = 0
goto _L2
_L5
a = 1
goto _L2
_L6
a = 2
goto _L2
_L7
a = 3
goto _L2
_L3
if b == 0 goto _L4
if b == 1 goto _L5
if b == c goto _L6
goto _L7
_L2
c = 5
_L0
