_t2 = 2 * 3
_t1 = _t2 + 4
_t0 = 1 + _t1
a = _t0
_L0
