ifFalse b == 1 goto _L1
if c == 1 goto _L2
ifFalse d == 1 goto _L1
_L2
a = 1
goto _L0
_L1
a = 0
_L0
