c = 0
_L1
ifFalse a < 1 goto _L0
_t0 = 1 + 1
a = _t0
_t1 = i + 1
i = _t1
goto _L1
_L0
