ifFalse 1 == 2 goto _L1
a = 1
goto _L0
_L1
a = 0
_L0
