c = 0
_L1
ifFalse a > 1 goto _L0
_t0 = 1 + 1
a = _t0
_L2
goto _L4
a = 42
goto _L3
_L4
a = 3210
_L5
_L6
if d == 1 goto _L3
_t1 = a + 42
a = _t1
_L7
_t3 = 1 / 3
_t2 = _t3 + 5
c = _t2
goto _L6
_L3
c = 0
_L8
ifFalse a > 1 goto _L1
_t4 = - 3210
a = _t4
_t5 = i + 1
i = _t5
goto _L8
_t6 = i + 1
i = _t6
goto _L1
_L0
