_t0 = - 1
_t1 = - _t0
a = _t1
_L1
_t2 = - 1
_t3 = - _t2
_t4 = - _t3
b = _t4
_L0
