ifFalse 1 > a goto _L1
a = 123
goto _L0
_L1
a = 789
_L2
goto _L3
c = 1
goto _L0
_L3
c = 0
_L0
