===== STEP 0 ===== 
REF : [b]
DEF : [a]
IN  : [b, c]
OUT : [a, b, c]
SUCC: [_step1]
PRED: []

===== STEP 1 ===== 
REF : [a]
DEF : []
IN  : [a, b, c]
OUT : [a, b, c]
SUCC: [_step2, _step6]
PRED: [_step0, _step5]

===== STEP 2 ===== 
REF : [a]
DEF : []
IN  : [a, c]
OUT : [a, c]
SUCC: [_step3, _step4]
PRED: [_step1]

===== STEP 3 ===== 
REF : [a, c]
DEF : [b]
IN  : [a, c]
OUT : [b, c]
SUCC: [_step5]
PRED: [_step2]

===== STEP 4 ===== 
REF : [a]
DEF : [b]
IN  : [a, c]
OUT : [b, c]
SUCC: [_step5]
PRED: [_step2]

===== STEP 5 ===== 
REF : [c]
DEF : [a]
IN  : [b, c]
OUT : [a, b, c]
SUCC: [_step1]
PRED: [_step3, _step4]

===== STEP 6 ===== 
REF : [b, c]
DEF : [a]
IN  : [b, c]
OUT : []
SUCC: []
PRED: [_step1]

